------------------------------------------------------------
TimeQuest Timing Analyzer Summary
------------------------------------------------------------

Type  : Slow 1200mV 85C Model Setup 'clk'
Slack : -6.622
TNS   : -39.846

Type  : Slow 1200mV 85C Model Setup 'sensor_delantero'
Slack : -5.348
TNS   : -159.199

Type  : Slow 1200mV 85C Model Hold 'sensor_delantero'
Slack : -2.224
TNS   : -58.253

Type  : Slow 1200mV 85C Model Hold 'clk'
Slack : 0.360
TNS   : 0.000

Type  : Slow 1200mV 85C Model Minimum Pulse Width 'sensor_delantero'
Slack : -3.000
TNS   : -100.618

Type  : Slow 1200mV 85C Model Minimum Pulse Width 'clk'
Slack : -3.000
TNS   : -30.000

Type  : Slow 1200mV 0C Model Setup 'clk'
Slack : -5.826
TNS   : -32.807

Type  : Slow 1200mV 0C Model Setup 'sensor_delantero'
Slack : -4.625
TNS   : -138.799

Type  : Slow 1200mV 0C Model Hold 'sensor_delantero'
Slack : -1.962
TNS   : -51.728

Type  : Slow 1200mV 0C Model Hold 'clk'
Slack : 0.313
TNS   : 0.000

Type  : Slow 1200mV 0C Model Minimum Pulse Width 'sensor_delantero'
Slack : -3.000
TNS   : -84.534

Type  : Slow 1200mV 0C Model Minimum Pulse Width 'clk'
Slack : -3.000
TNS   : -30.000

Type  : Fast 1200mV 0C Model Setup 'clk'
Slack : -3.881
TNS   : -12.738

Type  : Fast 1200mV 0C Model Setup 'sensor_delantero'
Slack : -2.619
TNS   : -76.899

Type  : Fast 1200mV 0C Model Hold 'sensor_delantero'
Slack : -1.392
TNS   : -37.360

Type  : Fast 1200mV 0C Model Hold 'clk'
Slack : 0.188
TNS   : 0.000

Type  : Fast 1200mV 0C Model Minimum Pulse Width 'sensor_delantero'
Slack : -3.000
TNS   : -54.260

Type  : Fast 1200mV 0C Model Minimum Pulse Width 'clk'
Slack : -3.000
TNS   : -31.498

------------------------------------------------------------
